// Jest Snapshot v1, https://goo.gl/fbAQLP

exports[`UndecodableCallInfoLine renders 1`] = `
<div>
   
  <span
    class="sc-bdfBQB enldmJ"
  >
    <svg
      color="#E75C5C"
      fill="none"
      height="16"
      stroke="currentColor"
      stroke-linecap="round"
      stroke-linejoin="round"
      stroke-width="2"
      style="color: rgb(231, 92, 92);"
      viewBox="0 0 24 24"
      width="16"
      xmlns="http://www.w3.org/2000/svg"
    >
      <circle
        cx="12"
        cy="12"
        r="10"
      />
      <line
        x1="12"
        x2="12"
        y1="8"
        y2="12"
      />
      <line
        x1="12"
        x2="12.01"
        y1="16"
        y2="16"
      />
    </svg>
  </span>
  <span
    class="sc-bdfBQB sc-dlfnuX enldmJ dJRRZW"
  >
    unknownAction
  </span>
   
</div>
`;
