// Jest Snapshot v1, https://goo.gl/fbAQLP

exports[`UndecodableCallDetails Should match snapshot 1`] = `
.c4 {
  padding: 0.125rem 0.375rem;
  background-color: #303338;
  border-radius: 10px;
}

.c0 {
  box-sizing: 'border-box';
  min-width: 0;
  margin: 0;
  padding: 0;
}

.c2 {
  display: -webkit-box;
  display: -webkit-flex;
  display: -ms-flexbox;
  display: flex;
  margin-top: 0.5rem;
  margin-bottom: 0.5rem;
  -webkit-align-items: center;
  -webkit-box-align: center;
  -ms-flex-align: center;
  align-items: center;
}

.c8 {
  color: #A1A6B0;
  overflow-wrap: break-word;
}

.c7 {
  -webkit-text-decoration: none;
  text-decoration: none;
  display: -webkit-box;
  display: -webkit-flex;
  display: -ms-flexbox;
  display: flex;
  -webkit-box-pack: justify;
  -webkit-justify-content: space-between;
  -ms-flex-pack: justify;
  justify-content: space-between;
  -webkit-align-items: center;
  -webkit-box-align: center;
  -ms-flex-align: center;
  align-items: center;
  color: #fff;
}

.c7:focus,
.c7:hover,
.c7:visited,
.c7:link,
.c7:active {
  -webkit-text-decoration: none;
  text-decoration: none;
}

.c6 {
  display: -webkit-box;
  display: -webkit-flex;
  display: -ms-flexbox;
  display: flex;
}

.c3 {
  margin-bottom: 0.75rem;
}

.c5 {
  display: inline-block;
  padding: 0.375rem 0.5rem;
  color: #9575CD;
}

.c9 {
  display: inline-block;
  padding: 0.375rem 0.5rem;
  color: #F06292;
}

.c10 {
  display: inline-block;
  padding: 0.375rem 0.5rem;
  color: #4DB6AC;
}

.c12 {
  display: inline-block;
  padding: 0.375rem 0.5rem;
  color: #64B5F6;
}

.c1 {
  margin-bottom: 1.5rem;
}

.c11 {
  color: #A1A6B0;
  overflow-wrap: break-word;
}

<div>
   
  <div
    class="c0 c1"
  >
    <div
      class="c0 c2 c3"
    >
      <span
        class="c4 c5"
        color="#9575CD"
      >
        from
      </span>
    </div>
    <div
      class="c6"
    >
      <a
        class="c7"
        rel="noopener"
        target="_blank"
      >
        <div
          class="c0 c8"
        >
          0x0000...0000
          <svg
            fill="none"
            height="14"
            stroke="currentColor"
            stroke-linecap="round"
            stroke-linejoin="round"
            stroke-width="2"
            viewBox="0 0 24 24"
            width="14"
            xmlns="http://www.w3.org/2000/svg"
          >
            <path
              d="M18 13v6a2 2 0 0 1-2 2H5a2 2 0 0 1-2-2V8a2 2 0 0 1 2-2h6"
            />
            <polyline
              points="15 3 21 3 21 9"
            />
            <line
              x1="10"
              x2="21"
              y1="14"
              y2="3"
            />
          </svg>
        </div>
      </a>
    </div>
  </div>
  <div
    class="c0 c1"
  >
    <div
      class="c0 c2 c3"
    >
      <span
        class="c4 c9"
        color="#F06292"
      >
        to
      </span>
    </div>
  </div>
  <div
    class="c0 c1"
  >
    <div
      class="c0 c2 c3"
    >
      <span
        class="c4 c10"
        color="#4DB6AC"
      >
        data
      </span>
    </div>
    <div
      class="c0 c11"
    >
      0x2e1a7d4d00000000000000000000000000000000000000000000000001aa0b0f33c98800
    </div>
  </div>
  <div
    class="c0 c1"
  >
    <div
      class="c0 c2 c3"
    >
      <span
        class="c4 c12"
        color="#64B5F6"
      >
        value
      </span>
    </div>
    <div
      class="c0 c11"
    >
      1000000000000000000
    </div>
  </div>
   
</div>
`;

exports[`UndecodableCallDetails Should match snapshot with approval call 1`] = `
.c4 {
  padding: 0.125rem 0.375rem;
  background-color: #303338;
  border-radius: 10px;
}

.c0 {
  box-sizing: 'border-box';
  min-width: 0;
  margin: 0;
  padding: 0;
}

.c2 {
  display: -webkit-box;
  display: -webkit-flex;
  display: -ms-flexbox;
  display: flex;
  margin-top: 0.5rem;
  margin-bottom: 0.5rem;
  -webkit-align-items: center;
  -webkit-box-align: center;
  -ms-flex-align: center;
  align-items: center;
}

.c8 {
  color: #A1A6B0;
  overflow-wrap: break-word;
}

.c7 {
  -webkit-text-decoration: none;
  text-decoration: none;
  display: -webkit-box;
  display: -webkit-flex;
  display: -ms-flexbox;
  display: flex;
  -webkit-box-pack: justify;
  -webkit-justify-content: space-between;
  -ms-flex-pack: justify;
  justify-content: space-between;
  -webkit-align-items: center;
  -webkit-box-align: center;
  -ms-flex-align: center;
  align-items: center;
  color: #fff;
}

.c7:focus,
.c7:hover,
.c7:visited,
.c7:link,
.c7:active {
  -webkit-text-decoration: none;
  text-decoration: none;
}

.c6 {
  display: -webkit-box;
  display: -webkit-flex;
  display: -ms-flexbox;
  display: flex;
}

.c3 {
  margin-bottom: 0.75rem;
}

.c5 {
  display: inline-block;
  padding: 0.375rem 0.5rem;
  color: #9575CD;
}

.c9 {
  display: inline-block;
  padding: 0.375rem 0.5rem;
  color: #F06292;
}

.c10 {
  display: inline-block;
  padding: 0.375rem 0.5rem;
  color: #4DB6AC;
}

.c12 {
  display: inline-block;
  padding: 0.375rem 0.5rem;
  color: #64B5F6;
}

.c1 {
  margin-bottom: 1.5rem;
}

.c11 {
  color: #A1A6B0;
  overflow-wrap: break-word;
}

<div>
   
  <div
    class="c0 c1"
  >
    <div
      class="c0 c2 c3"
    >
      <span
        class="c4 c5"
        color="#9575CD"
      >
        from
      </span>
    </div>
    <div
      class="c6"
    >
      <a
        class="c7"
        rel="noopener"
        target="_blank"
      >
        <div
          class="c0 c8"
        >
          0x0000...0000
          <svg
            fill="none"
            height="14"
            stroke="currentColor"
            stroke-linecap="round"
            stroke-linejoin="round"
            stroke-width="2"
            viewBox="0 0 24 24"
            width="14"
            xmlns="http://www.w3.org/2000/svg"
          >
            <path
              d="M18 13v6a2 2 0 0 1-2 2H5a2 2 0 0 1-2-2V8a2 2 0 0 1 2-2h6"
            />
            <polyline
              points="15 3 21 3 21 9"
            />
            <line
              x1="10"
              x2="21"
              y1="14"
              y2="3"
            />
          </svg>
        </div>
      </a>
    </div>
  </div>
  <div
    class="c0 c1"
  >
    <div
      class="c0 c2 c3"
    >
      <span
        class="c4 c9"
        color="#F06292"
      >
        to
      </span>
    </div>
  </div>
  <div
    class="c0 c1"
  >
    <div
      class="c0 c2 c3"
    >
      <span
        class="c4 c10"
        color="#4DB6AC"
      >
        data
      </span>
    </div>
    <div
      class="c0 c11"
    >
      0x2e1a7d4d00000000000000000000000000000000000000000000000001aa0b0f33c98800
    </div>
  </div>
  <div
    class="c0 c1"
  >
    <div
      class="c0 c2 c3"
    >
      <span
        class="c4 c12"
        color="#64B5F6"
      >
        value
      </span>
    </div>
    <div
      class="c0 c11"
    >
      1000000000000000000
    </div>
  </div>
   
</div>
`;
