// Jest Snapshot v1, https://goo.gl/fbAQLP

exports[`WalletButton Should match snapshot and display connect wallet 1`] = `
<div>
   
  <button
    class="sc-bdfBQB cnzpap"
    data-testid="connectWalletBtn"
  >
    connectWallet
  </button>
   
</div>
`;

exports[`WalletButton Should match snapshot and display connected address 1`] = `
<div>
   
  <button
    class="sc-bdfBQB sc-gsTEea sc-dFJtaz cAORUT hqMJhH dNljPh"
    type="submit"
  >
    <span
      class="sc-ctaXho iQpnnM"
    >
      <img
        alt="Avatar"
        class="sc-dlfnuX sc-fKFxtB hZGubn jSbcei"
        data-testid="avatar"
        size="24"
        src="test"
      />
    </span>
    <span
      class="sc-bsipwG iJGNHt"
    >
      0xaAaA...aaAa
    </span>
  </button>
   
</div>
`;
