// Jest Snapshot v1, https://goo.gl/fbAQLP

exports[`ProposalOptionTag Should match snapshot 1`] = `
<div>
   
  <span
    class="sc-bdfBQB cwNLta"
    color="#000"
  >
    For
  </span>
   
</div>
`;
