// Jest Snapshot v1, https://goo.gl/fbAQLP

exports[`SetGuildConfigEditor Should match snapshot 1`] = `
.c0 {
  box-sizing: 'border-box';
  min-width: 0;
  margin: 0;
  padding: 0;
}

.c1 {
  display: -webkit-box;
  display: -webkit-flex;
  display: -ms-flexbox;
  display: flex;
  -webkit-flex-direction: column;
  -ms-flex-direction: column;
  flex-direction: column;
  margin: 0.75rem 0;
  width: 100%;
}

.c2 {
  margin-bottom: 0.75rem;
  display: -webkit-box;
  display: -webkit-flex;
  display: -ms-flexbox;
  display: flex;
  -webkit-flex-direction: row;
  -ms-flex-direction: row;
  flex-direction: row;
  color: #A1A6B0;
  font-size: 14px;
  font-weight: 500;
}

.c3 {
  display: -webkit-box;
  display: -webkit-flex;
  display: -ms-flexbox;
  display: flex;
  -webkit-align-items: stretch;
  -webkit-box-align: stretch;
  -ms-flex-align: stretch;
  align-items: stretch;
}

.c8 {
  border: none;
  background: none;
  background-color: transparent;
  box-shadow: none;
  width: 100%;
  box-sizing: border-box;
  outline: none;
}

.c6 {
  display: -webkit-box;
  display: -webkit-flex;
  display: -ms-flexbox;
  display: flex;
  -webkit-align-items: center;
  -webkit-box-align: center;
  -ms-flex-align: center;
  align-items: center;
  box-sizing: border-box;
  width: 100%;
  border: 1px solid #303338;
  border-radius: 1.5rem;
  padding: 0.5rem 0.8rem;
  background-color: transparent;
}

.c6 input {
  color: #fff;
  font-family: 'Inter',-apple-system,BlinkMacSystemFont,'Segoe UI','Roboto','Oxygen','Ubuntu','Cantarell','Fira Sans','Droid Sans','Helvetica Neue',sans-serif;
  font-size: 14px;
  font-weight: 500;
  text-align: left;
}

.c6 input::-webkit-input-placeholder {
  color: #A1A6B0;
}

.c6 input::-moz-placeholder {
  color: #A1A6B0;
}

.c6 input:-ms-input-placeholder {
  color: #A1A6B0;
}

.c6 input::placeholder {
  color: #A1A6B0;
}

.c6:hover {
  outline: 1px solid #fff;
}

.c6:focus {
  outline: 2px solid #fff;
}

.c7 {
  margin-right: 0.3rem;
}

.c9 {
  margin-left: 0.3rem;
}

.c4 {
  display: -webkit-inline-box;
  display: -webkit-inline-flex;
  display: -ms-inline-flexbox;
  display: inline-flex;
  -webkit-box-pack: center;
  -webkit-justify-content: center;
  -ms-flex-pack: center;
  justify-content: center;
  -webkit-align-items: center;
  -webkit-box-align: center;
  -ms-flex-align: center;
  align-items: center;
  text-align: center;
  cursor: pointer;
  font-size: 14px;
  border: 1px solid #303338;
  background-color: transparent;
  color: #fff;
  border-radius: 32px;
  padding: 0.5rem 0.8rem;
  margin: 0.2rem;
  width: auto;
}

.c4:disabled {
  color: initial;
  opacity: 0.4;
  cursor: auto;
}

.c4:hover:enabled {
  border-color: #fff;
}

.c4:active:enabled {
  border: 1px solid #303338;
}

.c4:disabled {
  color: #303338;
}

.c10 {
  display: -webkit-inline-box;
  display: -webkit-inline-flex;
  display: -ms-inline-flexbox;
  display: inline-flex;
  -webkit-box-pack: center;
  -webkit-justify-content: center;
  -ms-flex-pack: center;
  justify-content: center;
  -webkit-align-items: center;
  -webkit-box-align: center;
  -ms-flex-align: center;
  align-items: center;
  text-align: center;
  cursor: pointer;
  font-size: 14px;
  border: 1px solid #303338;
  background-color: #295FF4;
  color: #fff;
  border-radius: 32px;
  padding: 0.5rem 0.8rem;
  margin: 0.2rem;
  width: 100%;
  margin: 1rem 0 0;
}

.c10:disabled {
  color: initial;
  opacity: 0.4;
  cursor: auto;
}

.c10:hover:enabled {
  border-color: #fff;
}

.c10:active:enabled {
  border: 1px solid #303338;
}

.c5 {
  width: 100%;
  min-height: 37px;
  background-color: transparent;
  -webkit-box-pack: justify;
  -webkit-justify-content: space-between;
  -ms-flex-pack: justify;
  justify-content: space-between;
  text-align: left;
  border: 1px solid inherit;
}

<div>
   
  <form>
    <div>
      <div
        class="c0 c1"
      >
        <div
          class="c0 c2"
        >
          Proposal time
        </div>
        <div
          class="c0 c3"
        >
          <button
            aria-label="Duration picker button"
            class="c4 c5"
            type="button"
          >
            3 years, 2 months, 17 days, 9 hours, 46 minutes and 40 seconds
          </button>
        </div>
      </div>
    </div>
    <div>
      <div
        class="c0 c1"
      >
        <div
          class="c0 c2"
        >
          Time for execution
        </div>
        <div
          class="c0 c3"
        >
          <button
            aria-label="Duration picker button"
            class="c4 c5"
            type="button"
          >
            3 years, 2 months, 17 days, 9 hours, 46 minutes and 40 seconds
          </button>
        </div>
      </div>
    </div>
    <div>
      <div
        class="c0 c1"
      >
        <div
          class="c0 c2"
        >
          Voting power percentage for proposal execution
        </div>
        <div
          class="c0 c3"
        >
          <div
            class="c6"
          >
            <div
              class="c7"
            >
              %
            </div>
            <input
              aria-label="Voting power percentage for proposal execution"
              autocomplete="off"
              autocorrect="off"
              class="c8"
              inputmode="decimal"
              maxlength="79"
              minlength="1"
              name="votingPowerPercentageForProposalExecution"
              pattern="^[0-9]*[.,]?[0-9]*$"
              placeholder="0.0"
              spellcheck="false"
              type="text"
              value="100000000"
            />
            <div
              class="c9"
            />
          </div>
        </div>
      </div>
    </div>
    <div>
      <div
        class="c0 c1"
      >
        <div
          class="c0 c2"
        >
          Voting power percentage for proposal creation
        </div>
        <div
          class="c0 c3"
        >
          <div
            class="c6"
          >
            <div
              class="c7"
            >
              %
            </div>
            <input
              aria-label="Voting power percentage for proposal creation"
              autocomplete="off"
              autocorrect="off"
              class="c8"
              inputmode="decimal"
              maxlength="79"
              minlength="1"
              name="votingPowerPercentageForProposalCreation"
              pattern="^[0-9]*[.,]?[0-9]*$"
              placeholder="0.0"
              spellcheck="false"
              type="text"
              value="100000000"
            />
            <div
              class="c9"
            />
          </div>
        </div>
      </div>
    </div>
    <div>
      <div
        class="c0 c1"
      >
        <div
          class="c0 c2"
        >
          Vote gas
        </div>
        <div
          class="c0 c3"
        >
          <div
            class="c6"
          >
            <div
              class="c7"
            />
            <input
              aria-label="Vote gas"
              autocomplete="off"
              autocorrect="off"
              class="c8"
              inputmode="decimal"
              maxlength="79"
              minlength="1"
              name="voteGas"
              pattern="^[0-9]*[.,]?[0-9]*$"
              placeholder="0.0"
              spellcheck="false"
              type="text"
              value="100000000"
            />
            <div
              class="c9"
            />
          </div>
        </div>
      </div>
    </div>
    <div>
      <div
        class="c0 c1"
      >
        <div
          class="c0 c2"
        >
          Max gas price
        </div>
        <div
          class="c0 c3"
        >
          <div
            class="c6"
          >
            <div
              class="c7"
            />
            <input
              aria-label="Max gas price"
              autocomplete="off"
              autocorrect="off"
              class="c8"
              inputmode="decimal"
              maxlength="79"
              minlength="1"
              name="maxGasPrice"
              pattern="^[0-9]*[.,]?[0-9]*$"
              placeholder="0.0"
              spellcheck="false"
              type="text"
              value="100000000"
            />
            <div
              class="c9"
            />
          </div>
        </div>
      </div>
    </div>
    <div>
      <div
        class="c0 c1"
      >
        <div
          class="c0 c2"
        >
          Max active proposals
        </div>
        <div
          class="c0 c3"
        >
          <div
            class="c6"
          >
            <div
              class="c7"
            />
            <input
              aria-label="Max active proposals"
              autocomplete="off"
              autocorrect="off"
              class="c8"
              inputmode="decimal"
              maxlength="79"
              minlength="1"
              name="maxActiveProposals"
              pattern="^[0-9]*[.,]?[0-9]*$"
              placeholder="0.0"
              spellcheck="false"
              type="text"
              value="100000000"
            />
            <div
              class="c9"
            />
          </div>
        </div>
      </div>
    </div>
    <div>
      <div
        class="c0 c1"
      >
        <div
          class="c0 c2"
        >
          Lock time
        </div>
        <div
          class="c0 c3"
        >
          <button
            aria-label="Duration picker button"
            class="c4 c5"
            type="button"
          >
            3 years, 2 months, 17 days, 9 hours, 46 minutes and 40 seconds
          </button>
        </div>
      </div>
    </div>
    <div>
      <div
        class="c0 c1"
      >
        <div
          class="c0 c2"
        >
          Minimum members for proposal creation
        </div>
        <div
          class="c0 c3"
        >
          <div
            class="c6"
          >
            <div
              class="c7"
            />
            <input
              aria-label="Minimum members for proposal creation"
              autocomplete="off"
              autocorrect="off"
              class="c8"
              inputmode="decimal"
              maxlength="79"
              minlength="1"
              name="minimumMembersForProposalCreation"
              pattern="^[0-9]*[.,]?[0-9]*$"
              placeholder="0.0"
              spellcheck="false"
              type="text"
              value="100000000"
            />
            <div
              class="c9"
            />
          </div>
        </div>
      </div>
    </div>
    <div>
      <div
        class="c0 c1"
      >
        <div
          class="c0 c2"
        >
          Minimum tokens locked for proposal creation
        </div>
        <div
          class="c0 c3"
        >
          <div
            class="c6"
          >
            <div
              class="c7"
            />
            <input
              aria-label="Minimum tokens locked for proposal creation"
              autocomplete="off"
              autocorrect="off"
              class="c8"
              inputmode="decimal"
              maxlength="79"
              minlength="1"
              name="minimumTokensLockedForProposalCreation"
              pattern="^[0-9]*[.,]?[0-9]*$"
              placeholder="0.0"
              spellcheck="false"
              type="text"
              value="100000000"
            />
            <div
              class="c9"
            />
          </div>
        </div>
      </div>
    </div>
    <button
      class="c10"
      type="submit"
    >
      saveAction
    </button>
  </form>
   
</div>
`;
