// Jest Snapshot v1, https://goo.gl/fbAQLP

exports[`OnlineStatus Should match snapshot 1`] = `
<div>
   
  <h1>
    TEST
  </h1>
   
</div>
`;
