// Jest Snapshot v1, https://goo.gl/fbAQLP

exports[`RawTransactionEditor valid inputs should match snapshot 1`] = `
.c12 {
  display: -webkit-inline-box;
  display: -webkit-inline-flex;
  display: -ms-inline-flexbox;
  display: inline-flex;
  -webkit-box-pack: center;
  -webkit-justify-content: center;
  -ms-flex-pack: center;
  justify-content: center;
  -webkit-align-items: center;
  -webkit-box-align: center;
  -ms-flex-align: center;
  align-items: center;
  text-align: center;
  cursor: pointer;
  font-size: 14px;
  border: 1px solid #303338;
  background-color: #295FF4;
  color: #fff;
  border-radius: 32px;
  padding: 0.5rem 0.8rem;
  margin: 0.2rem;
  width: 100%;
  margin: 1rem 0 0;
}

.c12:disabled {
  color: initial;
  opacity: 0.4;
  cursor: auto;
}

.c12:hover:enabled {
  border-color: #fff;
}

.c12:active:enabled {
  border: 1px solid #303338;
}

.c6 {
  height: 1.6rem;
  width: 1.6rem;
}

.c8 {
  border: none;
  background: none;
  background-color: transparent;
  box-shadow: none;
  width: 100%;
  box-sizing: border-box;
  outline: none;
}

.c4 {
  display: -webkit-box;
  display: -webkit-flex;
  display: -ms-flexbox;
  display: flex;
  -webkit-align-items: center;
  -webkit-box-align: center;
  -ms-flex-align: center;
  align-items: center;
  box-sizing: border-box;
  width: 100%;
  border: 1px solid #303338;
  border-radius: 1.5rem;
  padding: 0.5rem 0.8rem;
  background-color: transparent;
}

.c4 input {
  color: #fff;
  font-family: 'Inter',-apple-system,BlinkMacSystemFont,'Segoe UI','Roboto','Oxygen','Ubuntu','Cantarell','Fira Sans','Droid Sans','Helvetica Neue',sans-serif;
  font-size: 14px;
  font-weight: 500;
  text-align: left;
}

.c4 input::-webkit-input-placeholder {
  color: #A1A6B0;
}

.c4 input::-moz-placeholder {
  color: #A1A6B0;
}

.c4 input:-ms-input-placeholder {
  color: #A1A6B0;
}

.c4 input::placeholder {
  color: #A1A6B0;
}

.c4:hover {
  outline: 1px solid #fff;
}

.c4:focus {
  outline: 2px solid #fff;
}

.c5 {
  margin-right: 0.3rem;
}

.c9 {
  margin-left: 0.3rem;
}

.c7 {
  border-radius: 50%;
  height: 24px;
  width: 24px;
}

.c0 {
  box-sizing: 'border-box';
  min-width: 0;
  margin: 0;
  padding: 0;
}

.c10 {
  display: -webkit-box;
  display: -webkit-flex;
  display: -ms-flexbox;
  display: flex;
  -webkit-align-items: center;
  -webkit-box-align: center;
  -ms-flex-align: center;
  align-items: center;
  cursor: pointer;
}

.c1 {
  display: -webkit-box;
  display: -webkit-flex;
  display: -ms-flexbox;
  display: flex;
  -webkit-flex-direction: column;
  -ms-flex-direction: column;
  flex-direction: column;
  margin: 0.75rem 0;
  width: 100%;
}

.c2 {
  margin-bottom: 0.75rem;
  display: -webkit-box;
  display: -webkit-flex;
  display: -ms-flexbox;
  display: flex;
  -webkit-flex-direction: row;
  -ms-flex-direction: row;
  flex-direction: row;
  color: #A1A6B0;
  font-size: 14px;
  font-weight: 500;
}

.c3 {
  display: -webkit-box;
  display: -webkit-flex;
  display: -ms-flexbox;
  display: flex;
  -webkit-align-items: stretch;
  -webkit-box-align: stretch;
  -ms-flex-align: stretch;
  align-items: stretch;
}

.c11 {
  resize: none;
  box-sizing: border-box;
  border: 1px solid #303338;
  border-radius: 1.5rem;
  padding: 0.5rem 1.2rem;
  height: 7rem;
  width: 100%;
  background-color: transparent;
  color: #fff;
  font-family: 'Inter',Menlo,Monaco,Consolas,'Courier New',monospace;
  font-size: 14px;
  font-weight: 500;
}

<div>
   
  <div>
    <form>
      <div
        class="c0 c1"
      >
        <div
          class="c0 c2"
        >
          toAddress
        </div>
        <div
          class="c0 c3"
        >
          <div
            class="c4"
          >
            <div
              class="c5"
            >
              <div>
                <img
                  alt="Avatar"
                  class="c6 c7"
                  data-testid="avatar"
                  size="24"
                  src="https://metadata.ens.domains/mainnet/avatar/wagmi.eth"
                />
              </div>
            </div>
            <input
              class="c8"
              data-testid="input-to"
              name="to"
              placeholder="ethereumAddress"
              value="0x0000000000000000000000000000000000000000"
            />
            <div
              class="c9"
            >
              <div
                aria-label="clear address"
                class="c0 c10"
              >
                <svg
                  fill="none"
                  height="18"
                  stroke="currentColor"
                  stroke-linecap="round"
                  stroke-linejoin="round"
                  stroke-width="2"
                  viewBox="0 0 24 24"
                  width="18"
                  xmlns="http://www.w3.org/2000/svg"
                >
                  <line
                    x1="18"
                    x2="6"
                    y1="6"
                    y2="18"
                  />
                  <line
                    x1="6"
                    x2="18"
                    y1="6"
                    y2="18"
                  />
                </svg>
              </div>
            </div>
          </div>
        </div>
      </div>
      <div
        class="c0 c1"
      >
        <div
          class="c0 c2"
        >
          value (in wei)
        </div>
        <div
          class="c0 c3"
        >
          <div
            class="c4"
          >
            <div
              class="c5"
            />
            <input
              autocomplete="off"
              autocorrect="off"
              class="c8"
              data-testid="input-value"
              inputmode="decimal"
              maxlength="79"
              minlength="1"
              name="value"
              pattern="^[0-9]*[.,]?[0-9]*$"
              placeholder="0.0"
              spellcheck="false"
              type="text"
              value="1000000000000000000"
            />
            <div
              class="c9"
            />
          </div>
        </div>
      </div>
      <div
        class="c0 c1"
      >
        <div
          class="c0 c2"
        >
          data (hex)
        </div>
        <div
          class="c0 c3"
        >
          <textarea
            class="c11"
            data-testid="input-data"
            name="data"
            placeholder="data"
            spellcheck="false"
          >
            0x01
          </textarea>
        </div>
      </div>
      <button
        class="c12"
        data-testid="submit-rawtransaction"
        type="submit"
      >
        saveAction
      </button>
    </form>
  </div>
   
</div>
`;
