// Jest Snapshot v1, https://goo.gl/fbAQLP

exports[`BlockExplorerLink BlockExplorerLink render Should match snapshot 1`] = `
.c2 {
  box-sizing: 'border-box';
  min-width: 0;
  margin: 0;
  padding: 0;
}

.c0 {
  display: Flex;
  -webkit-flex-direction: row;
  -ms-flex-direction: row;
  flex-direction: row;
  -webkit-box-pack: left;
  -webkit-justify-content: left;
  -ms-flex-pack: left;
  justify-content: left;
  -webkit-align-items: center;
  -webkit-box-align: center;
  -ms-flex-align: center;
  align-items: center;
  text-align: center;
  border-radius: 10px;
  margin: 0;
  padding: 0;
}

.c1 {
  color: #A1A6B0;
  margin-right: 0.5rem;
  display: -webkit-box;
  display: -webkit-flex;
  display: -ms-flexbox;
  display: flex;
  -webkit-box-pack: justify;
  -webkit-justify-content: space-between;
  -ms-flex-pack: justify;
  justify-content: space-between;
  -webkit-align-items: center;
  -webkit-box-align: center;
  -ms-flex-align: center;
  align-items: center;
  -webkit-text-decoration: none;
  text-decoration: none;
  overflow-wrap: break-word;
}

.c1:hover {
  cursor: pointer;
  color: #fff;
}

.c3 {
  margin-right: 0.5rem;
  overflow-wrap: break-word;
}

<div>
   
  <div
    class="c0"
    data-testid="block-explorer-container"
    direction="row"
  >
    <a
      class="c1"
      rel="noopener"
      target="_blank"
    >
      <div
        class="c2 c3"
      >
        name.eth
      </div>
      <svg
        fill="none"
        height="1em"
        stroke="currentColor"
        stroke-linecap="round"
        stroke-linejoin="round"
        stroke-width="2"
        viewBox="0 0 24 24"
        width="1em"
        xmlns="http://www.w3.org/2000/svg"
      >
        <path
          d="M18 13v6a2 2 0 0 1-2 2H5a2 2 0 0 1-2-2V8a2 2 0 0 1 2-2h6"
        />
        <polyline
          points="15 3 21 3 21 9"
        />
        <line
          x1="10"
          x2="21"
          y1="14"
          y2="3"
        />
      </svg>
    </a>
  </div>
   
</div>
`;
