// Jest Snapshot v1, https://goo.gl/fbAQLP

exports[`ProposalCardActionSummary Should match snapshot without proposal 1`] = `
<div>
   
  <div
    class="sc-jSgvzq sc-bXDkGd csvJoy jbiKGo"
  />
   
</div>
`;
