// Jest Snapshot v1, https://goo.gl/fbAQLP

exports[`ProposalCardVotes.test Should match snapshot with votes 1`] = `
.c0 {
  box-sizing: 'border-box';
  min-width: 0;
  margin: 0;
  padding: 0;
}

.c2 {
  display: -webkit-box;
  display: -webkit-flex;
  display: -ms-flexbox;
  display: flex;
  -webkit-flex-direction: row;
  -ms-flex-direction: row;
  flex-direction: row;
  -webkit-align-items: center;
  -webkit-box-align: center;
  -ms-flex-align: center;
  align-items: center;
  -webkit-flex: 1;
  -ms-flex: 1;
  flex: 1;
}

.c4 {
  font-size: 0.95rem;
  font-weight: 600;
  margin-left: 0.5rem;
}

.c3 {
  border: 1px solid #303338;
  border-radius: 1rem;
  padding: 0.25rem 0.8rem;
  -webkit-flex: none;
  -ms-flex: none;
  flex: none;
  display: -webkit-box;
  display: -webkit-flex;
  display: -ms-flexbox;
  display: flex;
  width: -webkit-fit-content;
  width: -moz-fit-content;
  width: fit-content;
}

.c5 {
  width: 1.5rem;
  height: 1.5rem;
  display: -webkit-box;
  display: -webkit-flex;
  display: -ms-flexbox;
  display: flex;
  -webkit-box-pack: center;
  -webkit-justify-content: center;
  -ms-flex-pack: center;
  justify-content: center;
  -webkit-align-items: center;
  -webkit-box-align: center;
  -ms-flex-align: center;
  align-items: center;
  margin-left: 0.5rem;
  margin-right: 0.5rem;
}

.c1 {
  min-width: unset;
}

<div>
   
  <div
    class="c0 c1"
  >
    <div
      class="c0 c2 c3"
    >
      <div
        class="c0 c4"
      >
        20
        %
      </div>
      <div
        class="c5"
      >
        <svg
          fill="none"
          height="1em"
          stroke="currentColor"
          stroke-linecap="round"
          stroke-linejoin="round"
          stroke-width="2"
          viewBox="0 0 24 24"
          width="1em"
          xmlns="http://www.w3.org/2000/svg"
        >
          <circle
            cx="12"
            cy="12"
            r="10"
          />
        </svg>
      </div>
      <div
        class="c0 c4"
      >
        10
        %
      </div>
    </div>
  </div>
   
</div>
`;

exports[`ProposalCardVotes.test Should match snapshot without votes 1`] = `
<div>
   
  <div
    class=""
    style="margin: 0px;"
  >
    <span
      aria-busy="true"
      aria-live="polite"
    >
      <span
        class="react-loading-skeleton"
        style="width: 200px; --base-color: #333; --highlight-color: #555;"
      >
        â€Œ
      </span>
      <br />
    </span>
  </div>
   
</div>
`;
