// Jest Snapshot v1, https://goo.gl/fbAQLP

exports[`SidebarInfoCard matches information card snapshot 1`] = `
Object {
  "asFragment": [Function],
  "baseElement": <body>
    <div>
       
      <div
        class="sc-bdfBQB sc-eCstlR bmhbKs chDmvy"
      >
        <div
          class="sc-bdfBQB sc-jSgvzq bmhbKs iPIXsc"
        >
          <h2
            class="sc-iBPTik sc-fubCzh cBZYjx gMMEXo"
          >
            information
          </h2>
        </div>
        <div
          class="sc-bdfBQB bmhbKs"
        >
          <div
            class="sc-bdfBQB sc-jrAFXE bmhbKs ldFlnI"
          >
            <div
              class="sc-dlfnuX sc-crrszt ghjVNo gDaPjc"
            >
              <span
                class="sc-dQoVA dZpTnI"
              >
                consensusSystem
              </span>
              <span
                class="sc-dQoVA sc-bqyKOL dZpTnI gqFPfm"
              >
                guilds.guild
              </span>
            </div>
            <div
              class="sc-dlfnuX sc-crrszt ghjVNo gDaPjc"
            >
              <span
                class="sc-dQoVA dZpTnI"
              >
                proposalDuration
              </span>
              <span
                class="sc-dQoVA sc-bqyKOL dZpTnI gqFPfm"
              >
                a few seconds
              </span>
            </div>
            <div
              class="sc-dlfnuX sc-crrszt ghjVNo gDaPjc"
            >
              <span
                class="sc-dQoVA dZpTnI"
              >
                quorum
              </span>
              <span
                class="sc-dQoVA sc-bqyKOL dZpTnI gqFPfm"
              >
                1%
              </span>
            </div>
          </div>
        </div>
      </div>
       
    </div>
  </body>,
  "container": <div>
     
    <div
      class="sc-bdfBQB sc-eCstlR bmhbKs chDmvy"
    >
      <div
        class="sc-bdfBQB sc-jSgvzq bmhbKs iPIXsc"
      >
        <h2
          class="sc-iBPTik sc-fubCzh cBZYjx gMMEXo"
        >
          information
        </h2>
      </div>
      <div
        class="sc-bdfBQB bmhbKs"
      >
        <div
          class="sc-bdfBQB sc-jrAFXE bmhbKs ldFlnI"
        >
          <div
            class="sc-dlfnuX sc-crrszt ghjVNo gDaPjc"
          >
            <span
              class="sc-dQoVA dZpTnI"
            >
              consensusSystem
            </span>
            <span
              class="sc-dQoVA sc-bqyKOL dZpTnI gqFPfm"
            >
              guilds.guild
            </span>
          </div>
          <div
            class="sc-dlfnuX sc-crrszt ghjVNo gDaPjc"
          >
            <span
              class="sc-dQoVA dZpTnI"
            >
              proposalDuration
            </span>
            <span
              class="sc-dQoVA sc-bqyKOL dZpTnI gqFPfm"
            >
              a few seconds
            </span>
          </div>
          <div
            class="sc-dlfnuX sc-crrszt ghjVNo gDaPjc"
          >
            <span
              class="sc-dQoVA dZpTnI"
            >
              quorum
            </span>
            <span
              class="sc-dQoVA sc-bqyKOL dZpTnI gqFPfm"
            >
              1%
            </span>
          </div>
        </div>
      </div>
    </div>
     
  </div>,
  "debug": [Function],
  "findAllByAltText": [Function],
  "findAllByDisplayValue": [Function],
  "findAllByLabelText": [Function],
  "findAllByPlaceholderText": [Function],
  "findAllByRole": [Function],
  "findAllByTestId": [Function],
  "findAllByText": [Function],
  "findAllByTitle": [Function],
  "findByAltText": [Function],
  "findByDisplayValue": [Function],
  "findByLabelText": [Function],
  "findByPlaceholderText": [Function],
  "findByRole": [Function],
  "findByTestId": [Function],
  "findByText": [Function],
  "findByTitle": [Function],
  "getAllByAltText": [Function],
  "getAllByDisplayValue": [Function],
  "getAllByLabelText": [Function],
  "getAllByPlaceholderText": [Function],
  "getAllByRole": [Function],
  "getAllByTestId": [Function],
  "getAllByText": [Function],
  "getAllByTitle": [Function],
  "getByAltText": [Function],
  "getByDisplayValue": [Function],
  "getByLabelText": [Function],
  "getByPlaceholderText": [Function],
  "getByRole": [Function],
  "getByTestId": [Function],
  "getByText": [Function],
  "getByTitle": [Function],
  "queryAllByAltText": [Function],
  "queryAllByDisplayValue": [Function],
  "queryAllByLabelText": [Function],
  "queryAllByPlaceholderText": [Function],
  "queryAllByRole": [Function],
  "queryAllByTestId": [Function],
  "queryAllByText": [Function],
  "queryAllByTitle": [Function],
  "queryByAltText": [Function],
  "queryByDisplayValue": [Function],
  "queryByLabelText": [Function],
  "queryByPlaceholderText": [Function],
  "queryByRole": [Function],
  "queryByTestId": [Function],
  "queryByText": [Function],
  "queryByTitle": [Function],
  "rerender": [Function],
  "unmount": [Function],
}
`;
